// Jest Snapshot v1, https://goo.gl/fbAQLP

exports[`Home page render Home snapshot 1`] = `
<div>
  <section
    class="Home"
  >
    <div
      class="Home__headings"
    >
      <h2>
        explore the shop for
      </h2>
      <h1>
        new fortnite goodies
      </h1>
    </div>
  </section>
</div>
`;
