// Jest Snapshot v1, https://goo.gl/fbAQLP

exports[`Footer component render footer snapshot 1`] = `
<div>
  <footer
    class="Footer"
  >
    <h3
      class="Footer__info"
    >
      created by
       
      <a
        class="Footer__info__link"
        href="https://github.com/mojotron/memory-card"
        rel="noopener noreferrer"
        target="_blank"
      >
        @mojotron
      </a>
    </h3>
  </footer>
</div>
`;
